src/components/DocumentList.tsx(2,10): error TS1484: 'Document' is a type and must be imported using a type-only import when 'verbatimModuleSyntax' is enabled.
src/components/DocumentUpload.tsx(2,23): error TS6133: 'FileType' is declared but its value is never read.
src/components/MessageBubble.tsx(6,42): error TS6133: 'isStreaming' is declared but its value is never read.
src/components/SourceCard.tsx(2,34): error TS6133: 'ExternalLink' is declared but its value is never read.
src/components/SourceCard.tsx(3,10): error TS1484: 'Source' is a type and must be imported using a type-only import when 'verbatimModuleSyntax' is enabled.
src/hooks/useChat.ts(1,20): error TS6133: 'useRef' is declared but its value is never read.
src/hooks/useChat.ts(1,28): error TS6133: 'useEffect' is declared but its value is never read.
src/pages/DocumentsPage.tsx(4,10): error TS1484: 'Document' is a type and must be imported using a type-only import when 'verbatimModuleSyntax' is enabled.
